12:12:22 **** Incremental Build of configuration Debug for project TIMER_OC2_ToggleLED ****
make all 
Building file: ../Src/main.c
Invoking: MCU GCC Compiler
N:\Workspace\MCU2_Udemy_Course\My_Workspace\MasteringMCU2_WS\TIMER_OC2_ToggleLED\Debug
arm-none-eabi-gcc -mcpu=cortex-m4 -mthumb -mfloat-abi=hard -mfpu=fpv4-sp-d16 '-D__weak=__attribute__((weak))' '-D__packed=__attribute__((__packed__))' -DUSE_HAL_DRIVER -DSTM32F446xx -I"N:/Workspace/MCU2_Udemy_Course/My_Workspace/MasteringMCU2_WS/TIMER_OC2_ToggleLED/Inc" -I"N:/Workspace/MCU2_Udemy_Course/My_Workspace/MasteringMCU2_WS/TIMER_OC2_ToggleLED/Drivers/STM32F4xx_HAL_Driver/Inc" -I"N:/Workspace/MCU2_Udemy_Course/My_Workspace/MasteringMCU2_WS/TIMER_OC2_ToggleLED/Drivers/STM32F4xx_HAL_Driver/Inc/Legacy" -I"N:/Workspace/MCU2_Udemy_Course/My_Workspace/MasteringMCU2_WS/TIMER_OC2_ToggleLED/Drivers/CMSIS/Device/ST/STM32F4xx/Include" -I"N:/Workspace/MCU2_Udemy_Course/My_Workspace/MasteringMCU2_WS/TIMER_OC2_ToggleLED/Drivers/CMSIS/Include"  -Og -g3 -Wall -fmessage-length=0 -ffunction-sections -c -fmessage-length=0 -MMD -MP -MF"Src/main.d" -MT"Src/main.o" -o "Src/main.o" "../Src/main.c"
Finished building: ../Src/main.c
 
Building file: ../Src/msp.c
Invoking: MCU GCC Compiler
N:\Workspace\MCU2_Udemy_Course\My_Workspace\MasteringMCU2_WS\TIMER_OC2_ToggleLED\Debug
arm-none-eabi-gcc -mcpu=cortex-m4 -mthumb -mfloat-abi=hard -mfpu=fpv4-sp-d16 '-D__weak=__attribute__((weak))' '-D__packed=__attribute__((__packed__))' -DUSE_HAL_DRIVER -DSTM32F446xx -I"N:/Workspace/MCU2_Udemy_Course/My_Workspace/MasteringMCU2_WS/TIMER_OC2_ToggleLED/Inc" -I"N:/Workspace/MCU2_Udemy_Course/My_Workspace/MasteringMCU2_WS/TIMER_OC2_ToggleLED/Drivers/STM32F4xx_HAL_Driver/Inc" -I"N:/Workspace/MCU2_Udemy_Course/My_Workspace/MasteringMCU2_WS/TIMER_OC2_ToggleLED/Drivers/STM32F4xx_HAL_Driver/Inc/Legacy" -I"N:/Workspace/MCU2_Udemy_Course/My_Workspace/MasteringMCU2_WS/TIMER_OC2_ToggleLED/Drivers/CMSIS/Device/ST/STM32F4xx/Include" -I"N:/Workspace/MCU2_Udemy_Course/My_Workspace/MasteringMCU2_WS/TIMER_OC2_ToggleLED/Drivers/CMSIS/Include"  -Og -g3 -Wall -fmessage-length=0 -ffunction-sections -c -fmessage-length=0 -MMD -MP -MF"Src/msp.d" -MT"Src/msp.o" -o "Src/msp.o" "../Src/msp.c"
Finished building: ../Src/msp.c
 
Building target: TIMER_OC2_ToggleLED.elf
Invoking: MCU GCC Linker
arm-none-eabi-gcc -mcpu=cortex-m4 -mthumb -mfloat-abi=hard -mfpu=fpv4-sp-d16 -specs=nosys.specs -specs=nano.specs -u_printf_float -T"../STM32F446RETx_FLASH.ld" -Wl,-Map=output.map -Wl,--gc-sections -o "TIMER_OC2_ToggleLED.elf" @"objects.list"   -lm
Finished building target: TIMER_OC2_ToggleLED.elf
 
make --no-print-directory post-build
Generating binary and Printing size information:
arm-none-eabi-objcopy -O binary "TIMER_OC2_ToggleLED.elf" "TIMER_OC2_ToggleLED.bin"
arm-none-eabi-size "TIMER_OC2_ToggleLED.elf"
   text	   data	    bss	    dec	    hex	filename
  15612	    488	   1648	  17748	   4554	TIMER_OC2_ToggleLED.elf
 
