15:21:21 **** Incremental Build of configuration Debug for project TIMER_Input_Capture_1 ****
make all 
Building file: ../Src/main.c
Invoking: MCU GCC Compiler
N:\Workspace\MCU2_Udemy_Course\My_Workspace\MasteringMCU2_WS\TIMER_Input_Capture_1\Debug
arm-none-eabi-gcc -mcpu=cortex-m4 -mthumb -mfloat-abi=hard -mfpu=fpv4-sp-d16 '-D__weak=__attribute__((weak))' '-D__packed=__attribute__((__packed__))' -DUSE_HAL_DRIVER -DSTM32F446xx -I"N:/Workspace/MCU2_Udemy_Course/My_Workspace/MasteringMCU2_WS/TIMER_Input_Capture_1/Inc" -I"N:/Workspace/MCU2_Udemy_Course/My_Workspace/MasteringMCU2_WS/TIMER_Input_Capture_1/Drivers/STM32F4xx_HAL_Driver/Inc" -I"N:/Workspace/MCU2_Udemy_Course/My_Workspace/MasteringMCU2_WS/TIMER_Input_Capture_1/Drivers/STM32F4xx_HAL_Driver/Inc/Legacy" -I"N:/Workspace/MCU2_Udemy_Course/My_Workspace/MasteringMCU2_WS/TIMER_Input_Capture_1/Drivers/CMSIS/Device/ST/STM32F4xx/Include" -I"N:/Workspace/MCU2_Udemy_Course/My_Workspace/MasteringMCU2_WS/TIMER_Input_Capture_1/Drivers/CMSIS/Include"  -Og -g3 -Wall -fmessage-length=0 -ffunction-sections -c -fmessage-length=0 -MMD -MP -MF"Src/main.d" -MT"Src/main.o" -o "Src/main.o" "../Src/main.c"
../Src/main.c: In function 'main':
../Src/main.c:35:11: warning: unused variable 'freq_of_signal' [-Wunused-variable]
  uint32_t freq_of_signal = 1/(second - first);
           ^~~~~~~~~~~~~~
Finished building: ../Src/main.c
 
Building target: TIMER_Input_Capture_1.elf
Invoking: MCU GCC Linker
arm-none-eabi-gcc -mcpu=cortex-m4 -mthumb -mfloat-abi=hard -mfpu=fpv4-sp-d16 -specs=nosys.specs -specs=nano.specs -T"../STM32F446RETx_FLASH.ld" -Wl,-Map=output.map -Wl,--gc-sections -o "TIMER_Input_Capture_1.elf" @"objects.list"   -lm
Finished building target: TIMER_Input_Capture_1.elf
 
make --no-print-directory post-build
Generating binary and Printing size information:
arm-none-eabi-objcopy -O binary "TIMER_Input_Capture_1.elf" "TIMER_Input_Capture_1.bin"
arm-none-eabi-size "TIMER_Input_Capture_1.elf"
   text	   data	    bss	    dec	    hex	filename
   3228	     20	   1644	   4892	   131c	TIMER_Input_Capture_1.elf
 

15:21:26 Build Finished (took 4s.341ms)

