20:53:51 **** Incremental Build of configuration Debug for project UART2_Example2_IT ****
make all 
Building file: ../Src/main.c
Invoking: MCU GCC Compiler
N:\Workspace\MCU2_Udemy_Course\My_Workspace\MasteringMCU2_WS\UART2_Example2_IT\Debug
arm-none-eabi-gcc -mcpu=cortex-m4 -mthumb -mfloat-abi=hard -mfpu=fpv4-sp-d16 '-D__weak=__attribute__((weak))' '-D__packed=__attribute__((__packed__))' -DUSE_HAL_DRIVER -DSTM32F446xx -I"N:/Workspace/MCU2_Udemy_Course/My_Workspace/MasteringMCU2_WS/UART2_Example2_IT/Inc" -I"N:/Workspace/MCU2_Udemy_Course/My_Workspace/MasteringMCU2_WS/UART2_Example2_IT/Drivers/STM32F4xx_HAL_Driver/Inc" -I"N:/Workspace/MCU2_Udemy_Course/My_Workspace/MasteringMCU2_WS/UART2_Example2_IT/Drivers/STM32F4xx_HAL_Driver/Inc/Legacy" -I"N:/Workspace/MCU2_Udemy_Course/My_Workspace/MasteringMCU2_WS/UART2_Example2_IT/Drivers/CMSIS/Device/ST/STM32F4xx/Include" -I"N:/Workspace/MCU2_Udemy_Course/My_Workspace/MasteringMCU2_WS/UART2_Example2_IT/Drivers/CMSIS/Include"  -Og -g3 -Wall -fmessage-length=0 -ffunction-sections -c -fmessage-length=0 -MMD -MP -MF"Src/main.d" -MT"Src/main.o" -o "Src/main.o" "../Src/main.c"
Finished building: ../Src/main.c
 
Building target: UART2_Example2_IT.elf
Invoking: MCU GCC Linker
arm-none-eabi-gcc -mcpu=cortex-m4 -mthumb -mfloat-abi=hard -mfpu=fpv4-sp-d16 -specs=nosys.specs -specs=nano.specs -T"../STM32F446RETx_FLASH.ld" -Wl,-Map=output.map -Wl,--gc-sections -o "UART2_Example2_IT.elf" @"objects.list"   -lm
Finished building target: UART2_Example2_IT.elf
 
make --no-print-directory post-build
Generating binary and Printing size information:
arm-none-eabi-objcopy -O binary "UART2_Example2_IT.elf" "UART2_Example2_IT.bin"
arm-none-eabi-size "UART2_Example2_IT.elf"
   text	   data	    bss	    dec	    hex	filename
   4048	     24	   1744	   5816	   16b8	UART2_Example2_IT.elf
 

20:54:12 Build Finished (took 21s.92ms)

